// Jest Snapshot v1, https://goo.gl/fbAQLP

exports[`REnder basic Step Wizard should render with initial step 1 1`] = `
<div>
  <div>
    Steps Changed: 
    1
    <div
      class="main navBar"
    >
      <div
        class="navBarList"
      >
        <span
          class="header"
        >
          <span
            class="bp3-icon main"
            data-icon="app-kubernetes"
          >
            <svg
              height="37"
              width="37"
            />
          </span>
        </span>
        <span
          class="title header"
        >
          Kubernetes Cluster
        </span>
        <div
          class="navStep activeStep"
        >
          <span
            class="number"
          >
            1
          </span>
          <p
            class="font lineclamp main stepName width width-200"
            style="--text-line-clamp: 2; width: 200px;"
          >
            Create a New Project
          </p>
          <p
            class="font lineclamp main stepName width width-200"
            style="--text-line-clamp: 2; width: 200px;"
          >
            
          </p>
        </div>
        <div
          class="navStep"
        >
          <span
            class="number"
          >
            2
          </span>
          <p
            class="font lineclamp main stepName width width-200"
            style="--text-line-clamp: 2; width: 200px;"
          >
            New Project 1
          </p>
        </div>
        <div
          class="navStep"
        >
          <span
            class="number"
          >
            3
          </span>
          <p
            class="font lineclamp main stepName width width-200"
            style="--text-line-clamp: 2; width: 200px;"
          >
            Collaborator
          </p>
        </div>
      </div>
      <div
        class="stepDetails"
      >
         
        <div
          class="vertical layout-spacing-undefined main"
        >
          <div
            style="height: 180px;"
          >
            Create a New Project
            : 
            1
            <div>
              Last Step: 
            </div>
          </div>
          <div
            style="height: 40px;"
          >
            <button
              class="bp3-button bp3-disabled button font main with-current-color"
              disabled=""
              tabindex="-1"
              type="button"
            >
              <span
                class="bp3-button-text"
              >
                Previous
              </span>
            </button>
            <button
              class="bp3-button button font main intent intent-primary style style-float style-float-right with-current-color"
              style="float: right;"
              type="button"
            >
              <span
                class="bp3-button-text"
              >
                Next
              </span>
            </button>
          </div>
        </div>
      </div>
      <span
        class="bp3-icon main harnessWatermark color color-grey50"
        data-icon="harness-with-color"
      >
        <svg
          height="346"
          width="346"
        />
      </span>
    </div>
  </div>
</div>
`;
