// Jest Snapshot v1, https://goo.gl/fbAQLP

exports[`Code Block should render codeblock with code copy option 1`] = `
<div>
  <div
    class="font main codeBlock padding padding-xsmall background background-grey100 margin margin-none flex flex-true height height-undefined"
  >
    <pre>
      kubectl apply -f harness-delegate.yaml
    </pre>
    <button
      class="bp3-button bp3-minimal font button with-current-color iconOnly main"
      type="button"
    >
      <span
        class="bp3-icon bp3-icon-duplicate main padding padding-undefined"
        icon="duplicate"
      >
        <svg
          data-icon="duplicate"
          height="12"
          viewBox="0 0 16 16"
          width="12"
        >
          <desc>
            duplicate
          </desc>
          <path
            d="M15 0H5c-.55 0-1 .45-1 1v2h2V2h8v7h-1v2h2c.55 0 1-.45 1-1V1c0-.55-.45-1-1-1zm-4 4H1c-.55 0-1 .45-1 1v10c0 .55.45 1 1 1h10c.55 0 1-.45 1-1V5c0-.55-.45-1-1-1zm-1 10H2V6h8v8z"
            fill-rule="evenodd"
          />
        </svg>
      </span>
    </button>
  </div>
</div>
`;

exports[`Code Block should render codeblock with code formatter 1`] = `
<div>
  <div
    class="font main codeBlock padding padding-xsmall background background-grey100 margin margin-none flex flex-true height height-undefined"
  >
    <pre>
      kubectl apply -f harness-delegate.yaml
    </pre>
  </div>
</div>
`;

exports[`Code Block should render with just snippet props 1`] = `
<div>
  <div
    class="font main codeBlock padding padding-small background background-grey100 margin margin-none flex flex-true height height-undefined"
  >
    <p
      class="font main color color-grey350 font-size font-size-normal font-italic font-italic-true"
    >
      You may have to wait upto 2 mins for the delegate to come initialize.
    </p>
  </div>
</div>
`;
