// Jest Snapshot v1, https://goo.gl/fbAQLP

exports[`Render basic component should check snapshot 1`] = `
<div>
  <div
    class="vertical layout-spacing-xsmall main carousel spacing spacing-xsmall padding padding-small"
  >
    <div
      class="carouselView"
    >
      <div
        class="carouselItem active"
      >
        <div
          style="background-color: red; height: 400px; color: white; text-align: center;"
        >
          Image 1
        </div>
      </div>
      <div
        class="carouselItem carouselItemNext"
      >
        <div
          style="background-color: blue; height: 400px; color: white; text-align: center;"
        >
          Image 2
        </div>
      </div>
      <div
        class="carouselItem"
      >
        <div
          style="background-color: green; height: 400px; color: white; text-align: center;"
        >
          Image 3
        </div>
      </div>
      <div
        class="carouselItem"
      >
        <div
          style="background-color: red; height: 400px; color: white; text-align: center;"
        >
          Image 4
        </div>
      </div>
      <div
        class="carouselItem"
      >
        <div
          style="background-color: blue; height: 400px; color: white; text-align: center;"
        >
          Image 5
        </div>
      </div>
      <div
        class="carouselItem"
      >
        <div
          style="background-color: green; height: 400px; color: white; text-align: center;"
        >
          Image 6
        </div>
      </div>
      <div
        class="carouselRight"
      >
        <div>
          <span
            class="bp3-icon main color color-white"
            data-icon="main-chevron-right"
          >
            <svg
              height="20"
              width="20"
            />
          </span>
        </div>
      </div>
    </div>
    <div
      class="carouselIndicators"
    >
      <span
        class="indicator active"
      />
      <span
        class="indicator"
      />
      <span
        class="indicator"
      />
      <span
        class="indicator"
      />
      <span
        class="indicator"
      />
      <span
        class="indicator"
      />
    </div>
  </div>
</div>
`;
