// Jest Snapshot v1, https://goo.gl/fbAQLP

exports[`Detail Page card should render DetailPagecard with title and content 1`] = `
<div>
  <div
    class="bp3-card bp3-elevation-0 card main"
  >
    <p
      class="StyledProps--font StyledProps--main StyledProps--color StyledProps--color-black StyledProps--font-variation-card-title"
    >
      Overview
    </p>
    <div
      class="vertical layout-spacing-undefined StyledProps--main"
    >
      <div
        class="StyledProps--font StyledProps--main detailsSectionRowWrapper"
      >
        <div
          class="vertical layout-spacing-small StyledProps--main"
        >
          <p
            class="StyledProps--font StyledProps--main label StyledProps--font-variation-form-label"
          >
            Name
          </p>
          <p
            class="StyledProps--font lineclamp StyledProps--main StyledProps--font-variation-form-input-text"
            style="--text-line-clamp: 1; width: 424px;"
          >
            Cluster Name
          </p>
        </div>
      </div>
      <div
        class="StyledProps--font StyledProps--main detailsSectionRowWrapper"
      >
        <div
          class="vertical layout-spacing-small StyledProps--main"
        >
          <p
            class="StyledProps--font StyledProps--main label StyledProps--font-variation-form-label"
          >
            GitOps Agent 
          </p>
          <p
            class="StyledProps--font lineclamp StyledProps--main StyledProps--font-variation-form-input-text"
            style="--text-line-clamp: 1; width: 424px;"
          >
            Agent 1
          </p>
        </div>
      </div>
    </div>
  </div>
</div>
`;
