// Jest Snapshot v1, https://goo.gl/fbAQLP

exports[`PageSubHeader test snapshot testing 1`] = `
<div>
  <div
    class="horizontal layout-spacing-undefined main container flex flex-true"
  >
    <button
      class="bp3-button button font main intent intent-primary with-current-color"
      data-testid="add-pipeline"
      type="button"
    >
      <span
        class="bp3-button-text"
      >
        Add Pipeline
      </span>
    </button>
  </div>
</div>
`;
