// Jest Snapshot v1, https://goo.gl/fbAQLP

exports[`PageSubHeader test snapshot testing 1`] = `
<div>
  <div
    class="Layout--horizontal StyledProps--main container StyledProps--flex"
  >
    <button
      class="bp3-button Button--button StyledProps--font StyledProps--main StyledProps--intent-primary Button--with-current-color"
      data-testid="add-pipeline"
      type="button"
    >
      <span
        class="bp3-button-text"
      >
        Add Pipeline
      </span>
    </button>
  </div>
</div>
`;
